// Jest Snapshot v1, https://goo.gl/fbAQLP

exports[`SecurityUtilityStack Seurity utility stack creation 1`] = `
{
  "Parameters": {
    "BootstrapVersion": {
      "Default": "/cdk-bootstrap/hnb659fds/version",
      "Description": "Version of the CDK Bootstrap resources in this environment, automatically retrieved from SSM Parameter Store. [cdk:skip]",
      "Type": "AWS::SSM::Parameter::Value<String>",
    },
  },
  "Resources": {
    "EventCoordinatorUserGroup": {
      "Properties": {
        "Description": "OLAC Event Coordinator Group - test",
        "GroupName": "olac-event-coordinator-test",
        "UserPoolId": "user-pool-id",
      },
      "Type": "AWS::Cognito::UserPoolGroup",
    },
    "EventUserGroup": {
      "Properties": {
        "Description": "OLAC Admin Group - test",
        "GroupName": "olac-admin-test",
        "UserPoolId": "user-pool-id",
      },
      "Type": "AWS::Cognito::UserPoolGroup",
    },
    "WhoAmI9A40C4E3": {
      "DependsOn": [
        "WhoAmIServiceRoleDAB832DD",
      ],
      "Properties": {
        "Code": {
          "S3Bucket": {
            "Fn::Sub": "cdk-hnb659fds-assets-\${AWS::AccountId}-\${AWS::Region}",
          },
          "S3Key": "70ec1ee8cc67ada579be199da93f09fb7d6efe33a4f0cb2c96fa2c98a39d5224.zip",
        },
        "Description": "Returns the identity of the caller",
        "Environment": {
          "Variables": {
            "ADMIN_GROUP_NAME": "olac-admin-test",
            "CLIENT_ID": "client-id",
            "EVENT_COORDINATOR_GROUP_NAME": "olac-event-coordinator-test",
            "USER_POOL_ID": "user-pool-id",
          },
        },
        "Handler": "whoami.handler",
        "Role": {
          "Fn::GetAtt": [
            "WhoAmIServiceRoleDAB832DD",
            "Arn",
          ],
        },
        "Runtime": "nodejs22.x",
      },
      "Type": "AWS::Lambda::Function",
    },
    "WhoAmIServiceRoleDAB832DD": {
      "Properties": {
        "AssumeRolePolicyDocument": {
          "Statement": [
            {
              "Action": "sts:AssumeRole",
              "Effect": "Allow",
              "Principal": {
                "Service": "lambda.amazonaws.com",
              },
            },
          ],
          "Version": "2012-10-17",
        },
        "ManagedPolicyArns": [
          {
            "Fn::Join": [
              "",
              [
                "arn:",
                {
                  "Ref": "AWS::Partition",
                },
                ":iam::aws:policy/service-role/AWSLambdaBasicExecutionRole",
              ],
            ],
          },
        ],
      },
      "Type": "AWS::IAM::Role",
    },
  },
  "Rules": {
    "CheckBootstrapVersion": {
      "Assertions": [
        {
          "Assert": {
            "Fn::Not": [
              {
                "Fn::Contains": [
                  [
                    "1",
                    "2",
                    "3",
                    "4",
                    "5",
                  ],
                  {
                    "Ref": "BootstrapVersion",
                  },
                ],
              },
            ],
          },
          "AssertDescription": "CDK bootstrap stack version 6 required. Please run 'cdk bootstrap' with a recent version of the CDK CLI.",
        },
      ],
    },
  },
}
`;
